// Jest Snapshot v1, https://goo.gl/fbAQLP

exports[`should return the help 1`] = `
"Options:
  --help     Show help                                                                     [boolean]
  --version  Show version number                                                           [boolean]
  --include  This is the include option                                                    [boolean]
"
`;

exports[`should return the help correctly if it has an alias 1`] = `
"Options:
  --version   Show version number                                                          [boolean]
  --help, -h  Show help                                                                    [boolean]
  --include   This is the include option                                                   [boolean]
"
`;

exports[`should return the help even if help is disabled 1`] = `
"Options:
  --version  Show version number                                                           [boolean]
  --include  This is the include option                                                    [boolean]
  --help     Show help                                                                     [boolean]
"
`;

exports[`should return the help for a sub-command 1`] = `
"cli serve

Start the server

Options:
  --help     Show help                                                                     [boolean]
  --version  Show version number                                                           [boolean]
  --port     The port to bind on                                                     [default: 5000]
"
`;
